Archive member included to satisfy reference by file (symbol)

/usr/lib/gcc/arm-none-eabi/6.1.1/../../../../arm-none-eabi/lib/armv6-m/libc_nano.a(lib_a-atexit.o)
                              /usr/lib/gcc/arm-none-eabi/6.1.1/../../../../arm-none-eabi/lib/armv6-m/crt0.o (atexit)
/usr/lib/gcc/arm-none-eabi/6.1.1/../../../../arm-none-eabi/lib/armv6-m/libc_nano.a(lib_a-exit.o)
                              /usr/lib/gcc/arm-none-eabi/6.1.1/../../../../arm-none-eabi/lib/armv6-m/crt0.o (exit)
/usr/lib/gcc/arm-none-eabi/6.1.1/../../../../arm-none-eabi/lib/armv6-m/libc_nano.a(lib_a-fini.o)
                              /usr/lib/gcc/arm-none-eabi/6.1.1/../../../../arm-none-eabi/lib/armv6-m/crt0.o (__libc_fini_array)
/usr/lib/gcc/arm-none-eabi/6.1.1/../../../../arm-none-eabi/lib/armv6-m/libc_nano.a(lib_a-impure.o)
                              /usr/lib/gcc/arm-none-eabi/6.1.1/../../../../arm-none-eabi/lib/armv6-m/libc_nano.a(lib_a-exit.o) (_global_impure_ptr)
/usr/lib/gcc/arm-none-eabi/6.1.1/../../../../arm-none-eabi/lib/armv6-m/libc_nano.a(lib_a-init.o)
                              /usr/lib/gcc/arm-none-eabi/6.1.1/../../../../arm-none-eabi/lib/armv6-m/crt0.o (__libc_init_array)
/usr/lib/gcc/arm-none-eabi/6.1.1/../../../../arm-none-eabi/lib/armv6-m/libc_nano.a(lib_a-memset.o)
                              /usr/lib/gcc/arm-none-eabi/6.1.1/../../../../arm-none-eabi/lib/armv6-m/crt0.o (memset)
/usr/lib/gcc/arm-none-eabi/6.1.1/../../../../arm-none-eabi/lib/armv6-m/libc_nano.a(lib_a-__atexit.o)
                              /usr/lib/gcc/arm-none-eabi/6.1.1/../../../../arm-none-eabi/lib/armv6-m/libc_nano.a(lib_a-atexit.o) (__register_exitproc)
/usr/lib/gcc/arm-none-eabi/6.1.1/../../../../arm-none-eabi/lib/armv6-m/libc_nano.a(lib_a-__call_atexit.o)
                              /usr/lib/gcc/arm-none-eabi/6.1.1/../../../../arm-none-eabi/lib/armv6-m/libc_nano.a(lib_a-__atexit.o) (__call_exitprocs)
/usr/lib/gcc/arm-none-eabi/6.1.1/../../../../arm-none-eabi/lib/armv6-m/libnosys.a(_exit.o)
                              /usr/lib/gcc/arm-none-eabi/6.1.1/../../../../arm-none-eabi/lib/armv6-m/libc_nano.a(lib_a-exit.o) (_exit)
/usr/lib/gcc/arm-none-eabi/6.1.1/armv6-m/libgcc.a(_udivsi3.o)
                              _build/pstorage.o (__aeabi_uidiv)
/usr/lib/gcc/arm-none-eabi/6.1.1/armv6-m/libgcc.a(_divsi3.o)
                              _build/pstorage.o (__aeabi_idiv)
/usr/lib/gcc/arm-none-eabi/6.1.1/armv6-m/libgcc.a(_dvmd_tls.o)
                              /usr/lib/gcc/arm-none-eabi/6.1.1/armv6-m/libgcc.a(_udivsi3.o) (__aeabi_idiv0)
/usr/lib/gcc/arm-none-eabi/6.1.1/../../../../arm-none-eabi/lib/armv6-m/libc_nano.a(lib_a-memcmp.o)
                              _build/device_manager_peripheral.o (memcmp)
/usr/lib/gcc/arm-none-eabi/6.1.1/../../../../arm-none-eabi/lib/armv6-m/libc_nano.a(lib_a-memcpy-stub.o)
                              _build/SEGGER_RTT.o (memcpy)
/usr/lib/gcc/arm-none-eabi/6.1.1/../../../../arm-none-eabi/lib/armv6-m/libc_nano.a(lib_a-strcpy.o)
                              _build/SEGGER_RTT.o (strcpy)
/usr/lib/gcc/arm-none-eabi/6.1.1/../../../../arm-none-eabi/lib/armv6-m/libc_nano.a(lib_a-strlen.o)
                              _build/SEGGER_RTT.o (strlen)
/usr/lib/gcc/arm-none-eabi/6.1.1/../../../../arm-none-eabi/lib/armv6-m/libc_nano.a(lib_a-vprintf.o)
                              _build/nrf_log.o (vprintf)
/usr/lib/gcc/arm-none-eabi/6.1.1/../../../../arm-none-eabi/lib/armv6-m/libc_nano.a(lib_a-findfp.o)
                              /usr/lib/gcc/arm-none-eabi/6.1.1/../../../../arm-none-eabi/lib/armv6-m/libc_nano.a(lib_a-vprintf.o) (__sinit)
/usr/lib/gcc/arm-none-eabi/6.1.1/../../../../arm-none-eabi/lib/armv6-m/libc_nano.a(lib_a-fwalk.o)
                              /usr/lib/gcc/arm-none-eabi/6.1.1/../../../../arm-none-eabi/lib/armv6-m/libc_nano.a(lib_a-findfp.o) (_fwalk)
/usr/lib/gcc/arm-none-eabi/6.1.1/../../../../arm-none-eabi/lib/armv6-m/libc_nano.a(lib_a-nano-mallocr.o)
                              /usr/lib/gcc/arm-none-eabi/6.1.1/../../../../arm-none-eabi/lib/armv6-m/libc_nano.a(lib_a-findfp.o) (_malloc_r)
/usr/lib/gcc/arm-none-eabi/6.1.1/../../../../arm-none-eabi/lib/armv6-m/libc_nano.a(lib_a-nano-vfprintf.o)
                              /usr/lib/gcc/arm-none-eabi/6.1.1/../../../../arm-none-eabi/lib/armv6-m/libc_nano.a(lib_a-vprintf.o) (_vfprintf_r)
/usr/lib/gcc/arm-none-eabi/6.1.1/../../../../arm-none-eabi/lib/armv6-m/libc_nano.a(lib_a-nano-vfprintf_i.o)
                              /usr/lib/gcc/arm-none-eabi/6.1.1/../../../../arm-none-eabi/lib/armv6-m/libc_nano.a(lib_a-nano-vfprintf.o) (_printf_i)
/usr/lib/gcc/arm-none-eabi/6.1.1/../../../../arm-none-eabi/lib/armv6-m/libc_nano.a(lib_a-sbrkr.o)
                              /usr/lib/gcc/arm-none-eabi/6.1.1/../../../../arm-none-eabi/lib/armv6-m/libc_nano.a(lib_a-nano-mallocr.o) (_sbrk_r)
/usr/lib/gcc/arm-none-eabi/6.1.1/../../../../arm-none-eabi/lib/armv6-m/libc_nano.a(lib_a-stdio.o)
[...]
Memory Configuration

Name             Origin             Length             Attributes
FLASH            0x000000000001b000 0x0000000000025000 xr
RAM              0x0000000020002080 0x0000000000005f80 xrw
*default*        0x0000000000000000 0xffffffffffffffff

Linker script and memory map


.text           0x000000000001b000     0x6ed0
 *(.isr_vector)
 .isr_vector    0x000000000001b000       0xc0 _build/gcc_startup_nrf51.o
                0x000000000001b000                __isr_vector
 *(.text*)
 .text.__do_global_dtors_aux
                0x000000000001b0c0       0x28 /usr/lib/gcc/arm-none-eabi/6.1.1/armv6-m/crtbegin.o
 .text.frame_dummy
                0x000000000001b0e8       0x38 /usr/lib/gcc/arm-none-eabi/6.1.1/armv6-m/crtbegin.o
 .text          0x000000000001b120       0x6c /usr/lib/gcc/arm-none-eabi/6.1.1/../../../../arm-none-eabi/lib/armv6-m/crt0.o
                0x000000000001b120                _mainCRTStartup
                0x000000000001b120                _start
 .text.atexit   0x000000000001b18c       0x10 /usr/lib/gcc/arm-none-eabi/6.1.1/../../../../arm-none-eabi/lib/armv6-m/libc_nano.a(lib_a-atexit.o)
                0x000000000001b18c                atexit
 .text.exit     0x000000000001b19c       0x2c /usr/lib/gcc/arm-none-eabi/6.1.1/../../../../arm-none-eabi/lib/armv6-m/libc_nano.a(lib_a-exit.o)
                0x000000000001b19c                exit
 .text.__libc_fini_array
                0x000000000001b1c8       0x28 /usr/lib/gcc/arm-none-eabi/6.1.1/../../../../arm-none-eabi/lib/armv6-m/libc_nano.a(lib_a-fini.o)
                0x000000000001b1c8                __libc_fini_array
 .text.__libc_init_array
                0x000000000001b1f0       0x48 /usr/lib/gcc/arm-none-eabi/6.1.1/../../../../arm-none-eabi/lib/armv6-m/libc_nano.a(lib_a-init.o)
                0x000000000001b1f0                __libc_init_array
 .text.memset   0x000000000001b238       0x10 /usr/lib/gcc/arm-none-eabi/6.1.1/../../../../arm-none-eabi/lib/armv6-m/libc_nano.a(lib_a-memset.o)
                0x000000000001b238                memset
 .text.__register_exitproc
                0x000000000001b248       0xd4 /usr/lib/gcc/arm-none-eabi/6.1.1/../../../../arm-none-eabi/lib/armv6-m/libc_nano.a(lib_a-__atexit.o)
                0x000000000001b248                __register_exitproc
 .text.__call_exitprocs
                0x000000000001b31c       0xe4 /usr/lib/gcc/arm-none-eabi/6.1.1/../../../../arm-none-eabi/lib/armv6-m/libc_nano.a(lib_a-__call_atexit.o)
                0x000000000001b31c                __call_exitprocs
 .text._exit    0x000000000001b400        0x4 /usr/lib/gcc/arm-none-eabi/6.1.1/../../../../arm-none-eabi/lib/armv6-m/libnosys.a(_exit.o)
                0x000000000001b400                _exit
 .text.detection_delay_timeout_handler
                0x000000000001b404       0xa8 _build/app_button.o
 .text.gpiote_event_handler
                0x000000000001b4ac       0x5c _build/app_button.o
 .text.app_button_init
                0x000000000001b508       0xb0 _build/app_button.o
                0x000000000001b508                app_button_init
 .text.app_button_enable
                0x000000000001b5b8       0x30 _build/app_button.o
                0x000000000001b5b8                app_button_enable
 .text.app_error_handler_bare
                0x000000000001b5e8       0x20 _build/app_error.o
                0x000000000001b5e8                app_error_handler_bare
 .text.app_error_fault_handler
                0x000000000001b608       0x1c _build/app_error_weak.o
                0x000000000001b608                app_error_fault_handler
 .text.rtc1_stop
                0x000000000001b624       0x78 _build/app_timer.o
 .text.RTC1_IRQHandler
                0x000000000001b69c       0xdc _build/app_timer.o
                0x000000000001b69c                RTC1_IRQHandler
 .text.SWI0_IRQHandler
                0x000000000001b778      0x46c _build/app_timer.o
                0x000000000001b778                SWI0_IRQHandler
 .text.app_timer_init
                0x000000000001bbe4       0xe4 _build/app_timer.o
                0x000000000001bbe4                app_timer_init
 .text.app_timer_create
                0x000000000001bcc8       0x34 _build/app_timer.o
                0x000000000001bcc8                app_timer_create
 .text.app_timer_start
                0x000000000001bcfc       0xec _build/app_timer.o
                0x000000000001bcfc                app_timer_start
 .text.app_timer_stop
                0x000000000001bde8       0xc4 _build/app_timer.o
                0x000000000001bde8                app_timer_stop
 .text.fs_queued_op_count_get
                0x000000000001beac       0x18 _build/fstorage.o
                0x000000000001beac                fs_queued_op_count_get
 .text.nrf_delay_ms
                0x000000000001bec4       0x3c _build/nrf_delay.o
                0x000000000001bec4                nrf_delay_ms
 .text.nrf_drv_common_irq_enable
                0x000000000001bf00       0x7c _build/nrf_drv_common.o
                0x000000000001bf00                nrf_drv_common_irq_enable
 .text.nrf_drv_gpiote_init
                0x000000000001bf7c       0x68 _build/nrf_drv_gpiote.o
                0x000000000001bf7c                nrf_drv_gpiote_init
 .text.nrf_drv_gpiote_is_init
                0x000000000001bfe4       0x14 _build/nrf_drv_gpiote.o
                0x000000000001bfe4                nrf_drv_gpiote_is_init
 .text.nrf_drv_gpiote_in_init
                0x000000000001bff8      0x154 _build/nrf_drv_gpiote.o
                0x000000000001bff8                nrf_drv_gpiote_in_init
 .text.nrf_drv_gpiote_in_event_enable
                0x000000000001c14c       0xa8 _build/nrf_drv_gpiote.o
                0x000000000001c14c                nrf_drv_gpiote_in_event_enable
 .text.nrf_drv_gpiote_in_is_set
                0x000000000001c1f4       0x14 _build/nrf_drv_gpiote.o
                0x000000000001c1f4                nrf_drv_gpiote_in_is_set
 .text.GPIOTE_IRQHandler
                0x000000000001c208      0x514 _build/nrf_drv_gpiote.o
                0x000000000001c208                GPIOTE_IRQHandler
 .text.UART0_IRQHandler
                0x000000000001c71c      0x1a8 _build/nrf_drv_uart.o
                0x000000000001c71c                UART0_IRQHandler
 .text.sd_flash_write
                0x000000000001c8c4        0x4 _build/pstorage.o
 .text.sd_flash_page_erase
                0x000000000001c8c8        0x4 _build/pstorage.o
 .text.state_entry_action_run
                0x000000000001c8cc      0x1a0 _build/pstorage.o
 .text.clear_operation_execute
                0x000000000001ca6c      0x19c _build/pstorage.o
 .text.tail_restore_state_run
                0x000000000001cc08       0xb4 _build/pstorage.o
 .text.state_restore_head_entry_run
                0x000000000001ccbc       0xb4 _build/pstorage.o
 .text.state_write_data_swap_entry_run
                0x000000000001cd70       0xb4 _build/pstorage.o
 .text.state_restore_tail_entry_run
                0x000000000001ce24       0xc4 _build/pstorage.o
 .text.data_to_swap_write_state_run
                0x000000000001cee8       0xa4 _build/pstorage.o
 .text.state_swap_erase_entry_run
                0x000000000001cf8c       0xa8 _build/pstorage.o
 .text.swap_erase_state_run
                0x000000000001d034       0xd8 _build/pstorage.o
 .text.head_restore_state_run
                0x000000000001d10c      0x1c8 _build/pstorage.o
 .text.store_cmd_flash_write_execute
                0x000000000001d2d4      0x134 _build/pstorage.o
 .text.data_page_erase_state_run
                0x000000000001d408      0x214 _build/pstorage.o
 .text.state_erase_data_page_entry_run
                0x000000000001d61c       0x70 _build/pstorage.o
 .text.unlikely.cmd_queue_enqueue
                0x000000000001d68c       0x94 _build/pstorage.o
 .text.pstorage_sys_event_handler
                0x000000000001d720      0x210 _build/pstorage.o
                0x000000000001d720                pstorage_sys_event_handler
 .text.pstorage_init
                0x000000000001d930      0x154 _build/pstorage.o
                0x000000000001d930                pstorage_init
 .text.pstorage_register
                0x000000000001da84       0xec _build/pstorage.o
                0x000000000001da84                pstorage_register
 .text.pstorage_block_identifier_get
                0x000000000001db70       0x58 _build/pstorage.o
                0x000000000001db70                pstorage_block_identifier_get
 .text.pstorage_store
                0x000000000001dbc8       0x84 _build/pstorage.o
                0x000000000001dbc8                pstorage_store
 .text.pstorage_update
                0x000000000001dc4c       0x84 _build/pstorage.o
                0x000000000001dc4c                pstorage_update
 .text.pstorage_load
                0x000000000001dcd0       0xb4 _build/pstorage.o
                0x000000000001dcd0                pstorage_load
 .text.pstorage_clear
                0x000000000001dd84       0xa4 _build/pstorage.o
                0x000000000001dd84                pstorage_clear
 .text.pstorage_access_status_get
                0x000000000001de28       0x28 _build/pstorage.o
                0x000000000001de28                pstorage_access_status_get
 .text.alert_timer_handler
                0x000000000001de50       0x28 _build/bsp.o
 .text.bsp_button_event_handler
                0x000000000001de78       0xcc _build/bsp.o
 .text.leds_timer_handler
                0x000000000001df44      0x33c _build/bsp.o
 .text.button_timer_handler
                0x000000000001e280       0x44 _build/bsp.o
 .text.bsp_button_is_pressed
                0x000000000001e2c4       0x2c _build/bsp.o
                0x000000000001e2c4                bsp_button_is_pressed
 .text.bsp_indication_set
                0x000000000001e2f0      0x390 _build/bsp.o
                0x000000000001e2f0                bsp_indication_set
 .text.bsp_init
                0x000000000001e680       0xc0 _build/bsp.o
                0x000000000001e680                bsp_init
 .text.bsp_event_to_button_action_assign
                0x000000000001e740       0x58 _build/bsp.o
                0x000000000001e740                bsp_event_to_button_action_assign
 .text.bsp_wakeup_buttons_set
                0x000000000001e798       0x8c _build/bsp.o
                0x000000000001e798                bsp_wakeup_buttons_set
 .text.bsp_btn_ble_sleep_mode_prepare
                0x000000000001e824       0x18 _build/bsp_btn_ble.o
                0x000000000001e824                bsp_btn_ble_sleep_mode_prepare
 .text.bsp_btn_ble_on_ble_evt
                0x000000000001e83c       0xbc _build/bsp_btn_ble.o
                0x000000000001e83c                bsp_btn_ble_on_ble_evt
 .text.bsp_btn_ble_init
                0x000000000001e8f8       0x98 _build/bsp_btn_ble.o
                0x000000000001e8f8                bsp_btn_ble_init
 .text.sd_ble_gap_adv_stop
                0x000000000001e990        0x4 _build/main.o
 .text.sd_ble_gap_disconnect
                0x000000000001e994        0x4 _build/main.o
 .text.sd_ble_gap_ppcp_set
                0x000000000001e998        0x4 _build/main.o
 .text.sd_ble_gap_device_name_set
                0x000000000001e99c        0x4 _build/main.o
 .text.sd_ble_gatts_service_changed
                0x000000000001e9a0        0x4 _build/main.o
 .text.sd_power_system_off
                0x000000000001e9a4        0x4 _build/main.o
 .text.sd_app_evt_wait
                0x000000000001e9a8        0x4 _build/main.o
 .text.conn_params_error_handler
                0x000000000001e9ac        0x8 _build/main.o
 .text.sys_evt_dispatch
                0x000000000001e9b4       0x10 _build/main.o
 .text.device_manager_evt_handler
                0x000000000001e9c4       0x9c _build/main.o
 .text.reset_prepare
                0x000000000001ea60       0x54 _build/main.o
 .text.on_conn_params_evt
                0x000000000001eab4       0x24 _build/main.o
 .text.ble_evt_dispatch
                0x000000000001ead8       0x54 _build/main.o
 .text.bsp_event_handler
                0x000000000001eb2c       0x5c _build/main.o
                0x000000000001eb2c                bsp_event_handler
 .text.on_adv_evt
                0x000000000001eb88       0x44 _build/main.o
 .text.startup.main
                0x000000000001ebcc      0x280 _build/main.o
                0x000000000001ebcc                main
 .text.sd_ble_gap_address_get
                0x000000000001ee4c        0x4 _build/ble_advdata.o
 .text.sd_ble_gap_adv_data_set
                0x000000000001ee50        0x4 _build/ble_advdata.o
 .text.sd_ble_gap_appearance_get
                0x000000000001ee54        0x4 _build/ble_advdata.o
 .text.sd_ble_gap_device_name_get
                0x000000000001ee58        0x4 _build/ble_advdata.o
 .text.sd_ble_uuid_encode
                0x000000000001ee5c        0x4 _build/ble_advdata.o
 .text.uuid_list_sized_encode
                0x000000000001ee60      0x110 _build/ble_advdata.o
 .text.adv_data_encode
                0x000000000001ef70      0x5ac _build/ble_advdata.o
                0x000000000001ef70                adv_data_encode
 .text.ble_advdata_set
                0x000000000001f51c       0x68 _build/ble_advdata.o
                0x000000000001f51c                ble_advdata_set
 .text.sd_ble_gap_adv_start
                0x000000000001f584        0x4 _build/ble_advertising.o
 .text.sd_ble_gap_adv_stop
                0x000000000001f588        0x4 _build/ble_advertising.o
 .text.ble_advertising_start.part.1
                0x000000000001f58c      0x2b8 _build/ble_advertising.o
 .text.ble_advertising_init
                0x000000000001f844      0x144 _build/ble_advertising.o
                0x000000000001f844                ble_advertising_init
 .text.ble_advertising_start
                0x000000000001f988       0x48 _build/ble_advertising.o
                0x000000000001f988                ble_advertising_start
 .text.ble_advertising_on_ble_evt
                0x000000000001f9d0       0xe0 _build/ble_advertising.o
                0x000000000001f9d0                ble_advertising_on_ble_evt
 .text.ble_advertising_on_sys_evt
                0x000000000001fab0       0x60 _build/ble_advertising.o
                0x000000000001fab0                ble_advertising_on_sys_evt
 .text.ble_advertising_restart_without_whitelist
                0x000000000001fb10       0x98 _build/ble_advertising.o
                0x000000000001fb10                ble_advertising_restart_without_whitelist
 .text.sd_ble_gap_conn_param_update
                0x000000000001fba8        0x4 _build/ble_conn_params.o
 .text.sd_ble_gap_disconnect
                0x000000000001fbac        0x4 _build/ble_conn_params.o
 .text.sd_ble_gap_ppcp_set
                0x000000000001fbb0        0x4 _build/ble_conn_params.o
 .text.sd_ble_gap_ppcp_get
                0x000000000001fbb4        0x4 _build/ble_conn_params.o
 .text.update_timeout_handler
                0x000000000001fbb8       0x78 _build/ble_conn_params.o
 .text.conn_params_negotiation
                0x000000000001fc30       0x88 _build/ble_conn_params.o
 .text.ble_conn_params_init
                0x000000000001fcb8       0x78 _build/ble_conn_params.o
                0x000000000001fcb8                ble_conn_params_init
 .text.ble_conn_params_stop
                0x000000000001fd30       0x10 _build/ble_conn_params.o
                0x000000000001fd30                ble_conn_params_stop
 .text.ble_conn_params_on_ble_evt
                0x000000000001fd40       0xa4 _build/ble_conn_params.o
                0x000000000001fd40                ble_conn_params_on_ble_evt
 .text.sd_ble_gap_sec_params_reply
                0x000000000001fde4        0x4 _build/device_manager_peripheral.o
 .text.sd_ble_gap_sec_info_reply
                0x000000000001fde8        0x4 _build/device_manager_peripheral.o
 .text.sd_ble_gatts_service_changed
                0x000000000001fdec        0x4 _build/device_manager_peripheral.o
 .text.sd_ble_gatts_sys_attr_set
                0x000000000001fdf0        0x4 _build/device_manager_peripheral.o
 .text.sd_ble_gatts_sys_attr_get
                0x000000000001fdf4        0x4 _build/device_manager_peripheral.o
 .text.storage_operation_dummy_handler
                0x000000000001fdf8        0x4 _build/device_manager_peripheral.o
 .text.gattc_context_load
                0x000000000001fdfc        0x4 _build/device_manager_peripheral.o
 .text.gattc_context_apply
                0x000000000001fe00        0x4 _build/device_manager_peripheral.o
 .text.gatts_context_apply
                0x000000000001fe04       0xdc _build/device_manager_peripheral.o
 .text.gatts_context_store
                0x000000000001fee0       0xd4 _build/device_manager_peripheral.o
 .text.gatts_context_load
                0x000000000001ffb4       0x3c _build/device_manager_peripheral.o
 .text.dm_pstorage_cb_handler
                0x000000000001fff0      0x164 _build/device_manager_peripheral.o
 .text.no_service_context_apply
                0x0000000000020154        0x4 _build/device_manager_peripheral.o
 .text.gattc_context_store
                0x0000000000020158        0x4 _build/device_manager_peripheral.o
 .text.no_service_context_load
                0x000000000002015c        0x4 _build/device_manager_peripheral.o
 .text.no_service_context_store
                0x0000000000020160        0x4 _build/device_manager_peripheral.o
 .text.gattsc_context_load
                0x0000000000020164       0x3c _build/device_manager_peripheral.o
 .text.gattsc_context_apply
                0x00000000000201a0       0xdc _build/device_manager_peripheral.o
 .text.gattsc_context_store
                0x000000000002027c       0xd4 _build/device_manager_peripheral.o
 .text.dm_init  0x0000000000020350      0x140 _build/device_manager_peripheral.o
                0x0000000000020350                dm_init
 .text.dm_register
                0x0000000000020490       0x7c _build/device_manager_peripheral.o
                0x0000000000020490                dm_register
 .text.dm_application_context_set
                0x000000000002050c       0xe8 _build/device_manager_peripheral.o
                0x000000000002050c                dm_application_context_set
 .text.dm_application_context_get
                0x00000000000205f4       0xc0 _build/device_manager_peripheral.o
                0x00000000000205f4                dm_application_context_get
 .text.dm_application_context_delete
                0x00000000000206b4       0xa4 _build/device_manager_peripheral.o
                0x00000000000206b4                dm_application_context_delete
 .text.dm_application_instance_set
                0x0000000000020758       0x3c _build/device_manager_peripheral.o
                0x0000000000020758                dm_application_instance_set
 .text.dm_peer_addr_get
                0x0000000000020794       0x88 _build/device_manager_peripheral.o
                0x0000000000020794                dm_peer_addr_get
 .text.dm_distributed_keys_get
                0x000000000002081c       0xbc _build/device_manager_peripheral.o
                0x000000000002081c                dm_distributed_keys_get
 .text.dm_ble_evt_handler
                0x00000000000208d8      0x748 _build/device_manager_peripheral.o
                0x00000000000208d8                dm_ble_evt_handler
 .text.dm_handle_get
                0x0000000000021020       0x48 _build/device_manager_peripheral.o
                0x0000000000021020                dm_handle_get
 .text.SystemInit
                0x0000000000021068       0xe4 _build/system_nrf51.o
                0x0000000000021068                SystemInit
 .text.sd_evt_get
                0x000000000002114c        0x4 _build/softdevice_handler.o
 .text.sd_softdevice_enable
                0x0000000000021150        0x4 _build/softdevice_handler.o
 .text.sd_ble_enable
                0x0000000000021154        0x4 _build/softdevice_handler.o
 .text.sd_ble_evt_get
                0x0000000000021158        0x4 _build/softdevice_handler.o
 .text.softdevice_fault_handler
                0x000000000002115c        0x8 _build/softdevice_handler.o
                0x000000000002115c                softdevice_fault_handler
 .text.intern_softdevice_events_execute.part.0
                0x0000000000021164       0xb8 _build/softdevice_handler.o
 .text.softdevice_handler_init
                0x000000000002121c       0x7c _build/softdevice_handler.o
                0x000000000002121c                softdevice_handler_init
 .text.softdevice_ble_evt_handler_set
                0x0000000000021298       0x14 _build/softdevice_handler.o
                0x0000000000021298                softdevice_ble_evt_handler_set
 .text.softdevice_sys_evt_handler_set
                0x00000000000212ac       0x14 _build/softdevice_handler.o
                0x00000000000212ac                softdevice_sys_evt_handler_set
 .text.SWI2_IRQHandler
                0x00000000000212c0       0x30 _build/softdevice_handler.o
                0x00000000000212c0                SWI2_IRQHandler
 .text.softdevice_enable_get_default_config
                0x00000000000212f0       0x30 _build/softdevice_handler.o
                0x00000000000212f0                softdevice_enable_get_default_config
 .text.sd_check_ram_start
                0x0000000000021320       0x14 _build/softdevice_handler.o
                0x0000000000021320                sd_check_ram_start
 .text.softdevice_enable
                0x0000000000021334       0x1c _build/softdevice_handler.o
                0x0000000000021334                softdevice_enable
 .text.bootloader_util_app_start
                0x0000000000021350       0x3c _build/bootloader_util.o
                0x0000000000021350                bootloader_util_app_start
 .text.sd_ble_gatts_sys_attr_get
                0x000000000002138c        0x4 _build/dfu_app_handler.o
 .text.sd_power_gpregret_set
                0x0000000000021390        0x4 _build/dfu_app_handler.o
 .text.sd_softdevice_disable
                0x0000000000021394        0x4 _build/dfu_app_handler.o
 .text.sd_softdevice_vector_table_base_set
                0x0000000000021398        0x4 _build/dfu_app_handler.o
 .text.dfu_ble_svc_peer_data_set
                0x000000000002139c        0x4 _build/dfu_app_handler.o
 .text.dfu_app_reset_prepare
                0x00000000000213a0        0x4 _build/dfu_app_handler.o
 .text.dfu_app_on_dfu_evt
                0x00000000000213a4      0x154 _build/dfu_app_handler.o
                0x00000000000213a4                dfu_app_on_dfu_evt
 .text.dfu_app_reset_prepare_set
                0x00000000000214f8        0xc _build/dfu_app_handler.o
                0x00000000000214f8                dfu_app_reset_prepare_set
 .text.dfu_app_dm_appl_instance_set
                0x0000000000021504       0x24 _build/dfu_app_handler.o
                0x0000000000021504                dfu_app_dm_appl_instance_set
 .text.sd_ble_gatts_service_add
                0x0000000000021528        0x4 _build/ble_dfu.o
 .text.sd_ble_gatts_characteristic_add
                0x000000000002152c        0x4 _build/ble_dfu.o
 .text.sd_ble_gatts_value_get
                0x0000000000021530        0x4 _build/ble_dfu.o
 .text.sd_ble_gatts_hvx
                0x0000000000021534        0x4 _build/ble_dfu.o
 .text.sd_ble_gatts_rw_authorize_reply
                0x0000000000021538        0x4 _build/ble_dfu.o
 .text.sd_ble_uuid_vs_add
                0x000000000002153c        0x4 _build/ble_dfu.o
 .text.ble_dfu_init
                0x0000000000021540      0x280 _build/ble_dfu.o
                0x0000000000021540                ble_dfu_init
 .text.ble_dfu_response_send
                0x00000000000217c0       0x68 _build/ble_dfu.o
                0x00000000000217c0                ble_dfu_response_send
 .text.ble_dfu_on_ble_evt
                0x0000000000021828      0x188 _build/ble_dfu.o
                0x0000000000021828                ble_dfu_on_ble_evt
 .text          0x00000000000219b0       0x4c _build/gcc_startup_nrf51.o
                0x00000000000219b0                Reset_Handler
                0x00000000000219f0                NMI_Handler
                0x00000000000219f2                HardFault_Handler
                0x00000000000219f4                SVC_Handler
                0x00000000000219f6                PendSV_Handler
                0x00000000000219f8                SysTick_Handler
                0x00000000000219fa                TIMER2_IRQHandler
                0x00000000000219fa                SPI0_TWI0_IRQHandler
                0x00000000000219fa                RTC0_IRQHandler
                0x00000000000219fa                POWER_CLOCK_IRQHandler
                0x00000000000219fa                RADIO_IRQHandler
                0x00000000000219fa                LPCOMP_IRQHandler
                0x00000000000219fa                SWI4_IRQHandler
                0x00000000000219fa                TEMP_IRQHandler
                0x00000000000219fa                QDEC_IRQHandler
                0x00000000000219fa                SWI5_IRQHandler
                0x00000000000219fa                TIMER0_IRQHandler
                0x00000000000219fa                TIMER1_IRQHandler
                0x00000000000219fa                ECB_IRQHandler
                0x00000000000219fa                Default_Handler
                0x00000000000219fa                ADC_IRQHandler
                0x00000000000219fa                SWI3_IRQHandler
                0x00000000000219fa                CCM_AAR_IRQHandler
                0x00000000000219fa                WDT_IRQHandler
                0x00000000000219fa                RNG_IRQHandler
                0x00000000000219fa                SPI1_TWI1_IRQHandler
                0x00000000000219fa                SWI1_IRQHandler
 .text          0x00000000000219fc       0x9c /usr/lib/gcc/arm-none-eabi/6.1.1/armv6-m/libgcc.a(_udivsi3.o)
                0x00000000000219fc                __udivsi3
                0x00000000000219fc                __aeabi_uidiv
                0x0000000000021a84                __aeabi_uidivmod
 .text          0x0000000000021a98       0xc0 /usr/lib/gcc/arm-none-eabi/6.1.1/armv6-m/libgcc.a(_divsi3.o)
                0x0000000000021a98                __aeabi_idiv
                0x0000000000021a98                __divsi3
                0x0000000000021b44                __aeabi_idivmod
 .text          0x0000000000021b58        0x4 /usr/lib/gcc/arm-none-eabi/6.1.1/armv6-m/libgcc.a(_dvmd_tls.o)
                0x0000000000021b58                __aeabi_ldiv0
                0x0000000000021b58                __aeabi_idiv0
 .text.memcmp   0x0000000000021b5c       0x1e /usr/lib/gcc/arm-none-eabi/6.1.1/../../../../arm-none-eabi/lib/armv6-m/libc_nano.a(lib_a-memcmp.o)
                0x0000000000021b5c                memcmp
 .text.memcpy   0x0000000000021b7a       0x12 /usr/lib/gcc/arm-none-eabi/6.1.1/../../../../arm-none-eabi/lib/armv6-m/libc_nano.a(lib_a-memcpy-stub.o)
                0x0000000000021b7a                memcpy
 .text          0x0000000000021b8c        0xe /usr/lib/gcc/arm-none-eabi/6.1.1/../../../../arm-none-eabi/lib/armv6-m/libc_nano.a(lib_a-strlen.o)
                0x0000000000021b8c                strlen
 *(.init)
 *fill*         0x0000000000021b9a        0x2 
 .init          0x0000000000021b9c        0x4 /usr/lib/gcc/arm-none-eabi/6.1.1/armv6-m/crti.o
                0x0000000000021b9c                _init
 .init          0x0000000000021ba0        0x8 /usr/lib/gcc/arm-none-eabi/6.1.1/armv6-m/crtn.o
 *(.fini)
 .fini          0x0000000000021ba8        0x4 /usr/lib/gcc/arm-none-eabi/6.1.1/armv6-m/crti.o
                0x0000000000021ba8                _fini
 .fini          0x0000000000021bac        0x8 /usr/lib/gcc/arm-none-eabi/6.1.1/armv6-m/crtn.o
 *crtbegin.o(.ctors)
 *crtbegin?.o(.ctors)
 *(EXCLUDE_FILE(*crtend.o *crtend?.o) .ctors)
 *(SORT(.ctors.*))
 *(.ctors)
 *crtbegin.o(.dtors)
 *crtbegin?.o(.dtors)
 *(EXCLUDE_FILE(*crtend.o *crtend?.o) .dtors)
 *(SORT(.dtors.*))
 *(.dtors)
 *(.rodata*)
 .rodata._global_impure_ptr
                0x0000000000021bb4        0x4 /usr/lib/gcc/arm-none-eabi/6.1.1/../../../../arm-none-eabi/lib/armv6-m/libc_nano.a(lib_a-impure.o)
                0x0000000000021bb4                _global_impure_ptr
 .rodata.str1.1
                0x0000000000021bb8        0x2 /usr/lib/gcc/arm-none-eabi/6.1.1/../../../../arm-none-eabi/lib/armv6-m/libc_nano.a(lib_a-impure.o)
 *fill*         0x0000000000021bba        0x2 
 .rodata.m_detection_delay_timer_id
                0x0000000000021bbc        0x4 _build/app_button.o
 .rodata.swap_sub_state_sm_lut.6719
                0x0000000000021bc0       0x14 _build/pstorage.o
 .rodata.swap_sub_state_sm_lut.6794
                0x0000000000021bd4       0x14 _build/pstorage.o
 .rodata.leds_timer_handler
                0x0000000000021be8       0x60 _build/bsp.o
 .rodata.bsp_indication_set
                0x0000000000021c48       0x60 _build/bsp.o
 .rodata.app_buttons
                0x0000000000021ca8       0x20 _build/bsp.o
 .rodata.m_alert_timer_id
                0x0000000000021cc8        0x4 _build/bsp.o
 .rodata.m_button_timer_id
                0x0000000000021ccc        0x4 _build/bsp.o
 .rodata.m_buttons_list
                0x0000000000021cd0       0x10 _build/bsp.o
 .rodata.m_leds_timer_id
                0x0000000000021ce0        0x4 _build/bsp.o
 .rodata        0x0000000000021ce4        0x4 _build/main.o
 .rodata.main.str1.4
                0x0000000000021ce8       0x10 _build/main.o
                                          0xf (size before relaxing)
 .rodata.m_conn_params_timer_id
                0x0000000000021cf8        0x4 _build/ble_conn_params.o
 .rodata.dm_ble_evt_handler
                0x0000000000021cfc      0x108 _build/device_manager_peripheral.o
 .rodata.m_context_init_len
                0x0000000000021e04        0x4 _build/device_manager_peripheral.o
                0x0000000000021e04                m_context_init_len
 .rodata.m_service_context_apply
                0x0000000000021e08       0x10 _build/device_manager_peripheral.o
                0x0000000000021e08                m_service_context_apply
 .rodata.m_service_context_load
                0x0000000000021e18       0x10 _build/device_manager_peripheral.o
                0x0000000000021e18                m_service_context_load
 .rodata.m_service_context_store
                0x0000000000021e28       0x10 _build/device_manager_peripheral.o
                0x0000000000021e28                m_service_context_store
 .rodata.ble_dfu_on_ble_evt
                0x0000000000021e38       0x24 _build/ble_dfu.o
 .rodata        0x0000000000021e5c       0x10 _build/ble_dfu.o
 .rodata.__sf_fake_stderr
                0x0000000000021e6c       0x20 /usr/lib/gcc/arm-none-eabi/6.1.1/../../../../arm-none-eabi/lib/armv6-m/libc_nano.a(lib_a-findfp.o)
                0x0000000000021e6c                __sf_fake_stderr
 .rodata.__sf_fake_stdin
                0x0000000000021e8c       0x20 /usr/lib/gcc/arm-none-eabi/6.1.1/../../../../arm-none-eabi/lib/armv6-m/libc_nano.a(lib_a-findfp.o)
                0x0000000000021e8c                __sf_fake_stdin
 .rodata.__sf_fake_stdout
                0x0000000000021eac       0x20 /usr/lib/gcc/arm-none-eabi/6.1.1/../../../../arm-none-eabi/lib/armv6-m/libc_nano.a(lib_a-findfp.o)
                0x0000000000021eac                __sf_fake_stdout
 *(.eh_frame*)
 .eh_frame      0x0000000000021ecc        0x0 /usr/lib/gcc/arm-none-eabi/6.1.1/armv6-m/crtbegin.o
 .eh_frame      0x0000000000021ecc        0x4 /usr/lib/gcc/arm-none-eabi/6.1.1/armv6-m/crtend.o

.glue_7         0x0000000000021ed0        0x0
 .glue_7        0x0000000000021ed0        0x0 linker stubs

.glue_7t        0x0000000000021ed0        0x0
 .glue_7t       0x0000000000021ed0        0x0 linker stubs

.vfp11_veneer   0x0000000000021ed0        0x0
 .vfp11_veneer  0x0000000000021ed0        0x0 linker stubs

.v4_bx          0x0000000000021ed0        0x0
 .v4_bx         0x0000000000021ed0        0x0 linker stubs

.iplt           0x0000000000021ed0        0x0
 .iplt          0x0000000000021ed0        0x0 /usr/lib/gcc/arm-none-eabi/6.1.1/armv6-m/crtbegin.o

.ARM.extab
 *(.ARM.extab* .gnu.linkonce.armextab.*)
                0x0000000000021ed0                __exidx_start = .

.ARM.exidx      0x0000000000021ed0        0x8
 *(.ARM.exidx* .gnu.linkonce.armexidx.*)
 .ARM.exidx     0x0000000000021ed0        0x8 /usr/lib/gcc/arm-none-eabi/6.1.1/../../../../arm-none-eabi/lib/armv6-m/crt0.o
                0x0000000000021ed8                __exidx_end = .
                0x0000000000021ed8                __etext = .

.rel.dyn        0x0000000000021ed8        0x0
 .rel.iplt      0x0000000000021ed8        0x0 /usr/lib/gcc/arm-none-eabi/6.1.1/armv6-m/crtbegin.o

.data           0x0000000020002080       0x78 load address 0x0000000000021ed8
                0x0000000020002080                __data_start__ = .
 *(vtable)
 *(.data*)
 .data.impure_data
                0x0000000020002080       0x60 /usr/lib/gcc/arm-none-eabi/6.1.1/../../../../arm-none-eabi/lib/armv6-m/libc_nano.a(lib_a-impure.o)
 .data.m_adv_uuids
                0x00000000200020e0        0x4 _build/main.o
 .data.m_conn_handle
                0x00000000200020e4        0x2 _build/main.o
 .data.current_slave_link_conn_handle.6620
                0x00000000200020e6        0x2 _build/ble_advertising.o
 .data.m_reset_prepare
                0x00000000200020e8        0x4 _build/dfu_app_handler.o
                0x00000000200020ec                . = ALIGN (0x4)
                0x00000000200020ec                PROVIDE (__preinit_array_start, .)
 *(.preinit_array)
                0x00000000200020ec                PROVIDE (__preinit_array_end, .)
                0x00000000200020ec                . = ALIGN (0x4)
                0x00000000200020ec                PROVIDE (__init_array_start, .)
 *(SORT(.init_array.*))
 *(.init_array)
 .init_array    0x00000000200020ec        0x4 /usr/lib/gcc/arm-none-eabi/6.1.1/armv6-m/crtbegin.o
                0x00000000200020f0                PROVIDE (__init_array_end, .)
                0x00000000200020f0                . = ALIGN (0x4)
                0x00000000200020f0                PROVIDE (__fini_array_start, .)
 *(SORT(.fini_array.*))
 *(.fini_array)
 .fini_array    0x00000000200020f0        0x4 /usr/lib/gcc/arm-none-eabi/6.1.1/armv6-m/crtbegin.o
                0x00000000200020f4                PROVIDE (__fini_array_end, .)
 *(.jcr*)
 .jcr           0x00000000200020f4        0x0 /usr/lib/gcc/arm-none-eabi/6.1.1/armv6-m/crtbegin.o
 .jcr           0x00000000200020f4        0x4 /usr/lib/gcc/arm-none-eabi/6.1.1/armv6-m/crtend.o
                0x00000000200020f8                . = ALIGN (0x4)
                0x00000000200020f8                __data_end__ = .
LOAD /usr/lib/gcc/arm-none-eabi/6.1.1/armv6-m/crti.o
LOAD /usr/lib/gcc/arm-none-eabi/6.1.1/armv6-m/crtbegin.o
LOAD /usr/lib/gcc/arm-none-eabi/6.1.1/../../../../arm-none-eabi/lib/armv6-m/crt0.o
LOAD /usr/lib/gcc/arm-none-eabi/6.1.1/../../../../arm-none-eabi/lib/armv6-m/libc_nano.a
LOAD /usr/lib/gcc/arm-none-eabi/6.1.1/../../../../arm-none-eabi/lib/armv6-m/libnosys.a
LOAD _build/app_button.o
LOAD _build/app_error.o
LOAD _build/app_error_weak.o
LOAD _build/app_timer.o
LOAD _build/app_trace.o
LOAD _build/app_util_platform.o
LOAD _build/fstorage.o
LOAD _build/nrf_assert.o
LOAD _build/nrf_log.o
LOAD _build/retarget.o
LOAD _build/sensorsim.o
LOAD _build/RTT_Syscalls_GCC.o
LOAD _build/SEGGER_RTT.o
LOAD _build/SEGGER_RTT_printf.o
LOAD _build/app_uart.o
LOAD _build/nrf_delay.o
LOAD _build/nrf_drv_common.o
LOAD _build/nrf_drv_gpiote.o
LOAD _build/nrf_drv_uart.o
LOAD _build/pstorage.o
LOAD _build/bsp.o
LOAD _build/bsp_btn_ble.o
LOAD _build/main.o
LOAD _build/ble_advdata.o
LOAD _build/ble_advertising.o
LOAD _build/ble_conn_params.o
LOAD _build/ble_srv_common.o
LOAD _build/device_manager_peripheral.o
LOAD _build/system_nrf51.o
LOAD _build/softdevice_handler.o
LOAD _build/bootloader_util.o
LOAD _build/dfu_app_handler.o
LOAD _build/ble_dfu.o
LOAD _build/gcc_startup_nrf51.o
LOAD /usr/lib/gcc/arm-none-eabi/6.1.1/../../../../arm-none-eabi/lib/armv6-m/libm.a
START GROUP
LOAD /usr/lib/gcc/arm-none-eabi/6.1.1/armv6-m/libgcc.a
LOAD /usr/lib/gcc/arm-none-eabi/6.1.1/../../../../arm-none-eabi/lib/armv6-m/libc_nano.a
END GROUP
START GROUP
LOAD /usr/lib/gcc/arm-none-eabi/6.1.1/armv6-m/libgcc.a
LOAD /usr/lib/gcc/arm-none-eabi/6.1.1/../../../../arm-none-eabi/lib/armv6-m/libc_nano.a
END GROUP
LOAD /usr/lib/gcc/arm-none-eabi/6.1.1/armv6-m/crtend.o
LOAD /usr/lib/gcc/arm-none-eabi/6.1.1/armv6-m/crtn.o
START GROUP
LOAD /usr/lib/gcc/arm-none-eabi/6.1.1/armv6-m/libgcc.a
LOAD /usr/lib/gcc/arm-none-eabi/6.1.1/../../../../arm-none-eabi/lib/armv6-m/libc.a
LOAD /usr/lib/gcc/arm-none-eabi/6.1.1/../../../../arm-none-eabi/lib/armv6-m/libnosys.a
END GROUP

.igot.plt       0x00000000200020f8        0x0 load address 0x0000000000021f50
 .igot.plt      0x00000000200020f8        0x0 /usr/lib/gcc/arm-none-eabi/6.1.1/armv6-m/crtbegin.o

.fs_data        0x00000000200020f8        0x0
                0x00000000200020f8                PROVIDE (__start_fs_data, .)
 *(.fs_data)
                0x00000000200020f8                PROVIDE (__stop_fs_data, .)

.bss            0x00000000200020f8      0x90c load address 0x0000000000021f50
                0x00000000200020f8                . = ALIGN (0x4)
                0x00000000200020f8                __bss_start__ = .
 *(.bss*)
 .bss.completed.8482
                0x00000000200020f8        0x1 /usr/lib/gcc/arm-none-eabi/6.1.1/armv6-m/crtbegin.o
 *fill*         0x00000000200020f9        0x3 
 .bss.object.8487
                0x00000000200020fc       0x18 /usr/lib/gcc/arm-none-eabi/6.1.1/armv6-m/crtbegin.o
 .bss._global_atexit0
                0x0000000020002114       0x8c /usr/lib/gcc/arm-none-eabi/6.1.1/../../../../arm-none-eabi/lib/armv6-m/libc_nano.a(lib_a-__atexit.o)
 .bss._global_atexit
                0x00000000200021a0        0x4 /usr/lib/gcc/arm-none-eabi/6.1.1/../../../../arm-none-eabi/lib/armv6-m/libc_nano.a(lib_a-__call_atexit.o)
                0x00000000200021a0                _global_atexit
 .bss.m_button_count
                0x00000000200021a4        0x1 _build/app_button.o
 *fill*         0x00000000200021a5        0x3 
 .bss.m_detection_delay
                0x00000000200021a8        0x4 _build/app_button.o
 .bss.m_detection_delay_timer_id_data
                0x00000000200021ac       0x20 _build/app_button.o
 .bss.m_pin_state
                0x00000000200021cc        0x4 _build/app_button.o
 .bss.m_pin_transition
                0x00000000200021d0        0x4 _build/app_button.o
 .bss.mp_buttons
                0x00000000200021d4        0x4 _build/app_button.o
 .bss.m_evt_schedule_func
                0x00000000200021d8        0x4 _build/app_timer.o
 .bss.m_rtc1_reset
                0x00000000200021dc        0x1 _build/app_timer.o
 .bss.m_rtc1_running
                0x00000000200021dd        0x1 _build/app_timer.o
 *fill*         0x00000000200021de        0x2 
 .bss.m_ticks_elapsed
                0x00000000200021e0        0x8 _build/app_timer.o
 .bss.m_ticks_elapsed_q_read_ind
                0x00000000200021e8        0x1 _build/app_timer.o
 .bss.m_ticks_elapsed_q_write_ind
                0x00000000200021e9        0x1 _build/app_timer.o
 *fill*         0x00000000200021ea        0x2 
 .bss.m_ticks_latest
                0x00000000200021ec        0x4 _build/app_timer.o
 .bss.m_user_array_size
                0x00000000200021f0        0x1 _build/app_timer.o
 *fill*         0x00000000200021f1        0x3 
 .bss.mp_timer_id_head
                0x00000000200021f4        0x4 _build/app_timer.o
 .bss.mp_users  0x00000000200021f8        0x4 _build/app_timer.o
 .bss.m_queue   0x00000000200021fc       0x58 _build/fstorage.o
 .bss.m_cb      0x0000000020002254       0x48 _build/nrf_drv_gpiote.o
 .bss.m_cb      0x000000002000229c       0x1c _build/nrf_drv_uart.o
 .bss.m_app_data_size
                0x00000000200022b8        0x4 _build/pstorage.o
 .bss.m_app_table
                0x00000000200022bc       0x18 _build/pstorage.o
 .bss.m_cmd_queue
                0x00000000200022d4       0xcc _build/pstorage.o
 .bss.m_current_page_id
                0x00000000200023a0        0x4 _build/pstorage.o
 .bss.m_flags   0x00000000200023a4        0x4 _build/pstorage.o
 .bss.m_head_word_size
                0x00000000200023a8        0x4 _build/pstorage.o
 .bss.m_next_app_instance
                0x00000000200023ac        0x2 _build/pstorage.o
 *fill*         0x00000000200023ae        0x2 
 .bss.m_next_page_addr
                0x00000000200023b0        0x4 _build/pstorage.o
 .bss.m_num_of_bytes_written
                0x00000000200023b4        0x4 _build/pstorage.o
 .bss.m_num_of_command_retries
                0x00000000200023b8        0x4 _build/pstorage.o
 .bss.m_state   0x00000000200023bc        0x1 _build/pstorage.o
 .bss.m_swap_sub_state
                0x00000000200023bd        0x1 _build/pstorage.o
 *fill*         0x00000000200023be        0x2 
 .bss.m_tail_word_size
                0x00000000200023c0        0x4 _build/pstorage.o
 .bss.current_long_push_pin_no.6069
                0x00000000200023c4        0x1 _build/bsp.o
 *fill*         0x00000000200023c5        0x3 
 .bss.m_alert_mask
                0x00000000200023c8        0x4 _build/bsp.o
 .bss.m_alert_timer_id_data
                0x00000000200023cc       0x20 _build/bsp.o
 .bss.m_app_ticks_per_100ms
                0x00000000200023ec        0x4 _build/bsp.o
 .bss.m_button_timer_id_data
                0x00000000200023f0       0x20 _build/bsp.o
 .bss.m_events_list
                0x0000000020002410        0xc _build/bsp.o
 .bss.m_indication_type
                0x000000002000241c        0x4 _build/bsp.o
 .bss.m_leds_timer_id_data
                0x0000000020002420       0x20 _build/bsp.o
 .bss.m_registered_callback
                0x0000000020002440        0x4 _build/bsp.o
 .bss.m_stable_state
                0x0000000020002444        0x1 _build/bsp.o
 *fill*         0x0000000020002445        0x3 
 .bss.release_event_at_push.6070
                0x0000000020002448        0x4 _build/bsp.o
 .bss.m_error_handler
                0x000000002000244c        0x4 _build/bsp_btn_ble.o
 .bss.m_num_connections
                0x0000000020002450        0x4 _build/bsp_btn_ble.o
 .bss.APP_TIMER_BUF.8552
                0x0000000020002454      0x1c8 _build/main.o
 .bss.BLE_EVT_BUFFER.8642
                0x000000002000261c       0x48 _build/main.o
 .bss.context_data.8573
                0x0000000020002664        0x4 _build/main.o
 .bss.m_app_handle
                0x0000000020002668        0x1 _build/main.o
 *fill*         0x0000000020002669        0x3 
 .bss.m_dfus    0x000000002000266c       0x30 _build/main.o
 .bss.m_adv_evt
                0x000000002000269c        0x1 _build/ble_advertising.o
 .bss.m_adv_mode_current
                0x000000002000269d        0x1 _build/ble_advertising.o
 *fill*         0x000000002000269e        0x2 
 .bss.m_adv_modes_config
                0x00000000200026a0       0x24 _build/ble_advertising.o
 .bss.m_advdata
                0x00000000200026c4       0x38 _build/ble_advertising.o
 .bss.m_advertising_start_pending
                0x00000000200026fc        0x1 _build/ble_advertising.o
 *fill*         0x00000000200026fd        0x3 
 .bss.m_error_handler
                0x0000000020002700        0x4 _build/ble_advertising.o
 .bss.m_evt_handler
                0x0000000020002704        0x4 _build/ble_advertising.o
 .bss.m_manuf_data_array
                0x0000000020002708       0x1f _build/ble_advertising.o
 *fill*         0x0000000020002727        0x1 
 .bss.m_manuf_specific_data
                0x0000000020002728        0xc _build/ble_advertising.o
 .bss.m_peer_addr_reply_expected
                0x0000000020002734        0x1 _build/ble_advertising.o
 *fill*         0x0000000020002735        0x3 
 .bss.m_peer_address
                0x0000000020002738        0x7 _build/ble_advertising.o
 *fill*         0x000000002000273f        0x1 
 .bss.m_service_data
                0x0000000020002740        0xc _build/ble_advertising.o
 .bss.m_service_data_array
                0x000000002000274c       0x1f _build/ble_advertising.o
 *fill*         0x000000002000276b        0x1 
 .bss.m_slave_conn_int
                0x000000002000276c        0x4 _build/ble_advertising.o
 .bss.m_tx_power_level
                0x0000000020002770        0x1 _build/ble_advertising.o
 *fill*         0x0000000020002771        0x3 
 .bss.m_whitelist
                0x0000000020002774       0x10 _build/ble_advertising.o
 .bss.m_whitelist_reply_expected
                0x0000000020002784        0x1 _build/ble_advertising.o
 .bss.m_whitelist_temporarily_disabled
                0x0000000020002785        0x1 _build/ble_advertising.o
 *fill*         0x0000000020002786        0x2 
 .bss.mp_whitelist_addr
                0x0000000020002788       0x20 _build/ble_advertising.o
 .bss.mp_whitelist_irk
                0x00000000200027a8       0x20 _build/ble_advertising.o
 .bss.m_change_param
                0x00000000200027c8        0x1 _build/ble_conn_params.o
 *fill*         0x00000000200027c9        0x1 
 .bss.m_conn_handle
                0x00000000200027ca        0x2 _build/ble_conn_params.o
 .bss.m_conn_params_config
                0x00000000200027cc       0x1c _build/ble_conn_params.o
 .bss.m_conn_params_timer_id_data
                0x00000000200027e8       0x20 _build/ble_conn_params.o
 .bss.m_current_conn_params
                0x0000000020002808        0x8 _build/ble_conn_params.o
 .bss.m_preferred_conn_params
                0x0000000020002810        0x8 _build/ble_conn_params.o
 .bss.m_update_count
                0x0000000020002818        0x1 _build/ble_conn_params.o
 *fill*         0x0000000020002819        0x3 
 .bss.m_app_context_table
                0x000000002000281c       0x1c _build/device_manager_peripheral.o
 .bss.m_application_table
                0x0000000020002838        0xc _build/device_manager_peripheral.o
 .bss.m_bond_table
                0x0000000020002844       0x1c _build/device_manager_peripheral.o
 .bss.m_connection_table
                0x0000000020002860        0xc _build/device_manager_peripheral.o
 .bss.m_gatts_table
                0x000000002000286c       0x3c _build/device_manager_peripheral.o
 .bss.m_irk_index_table
                0x00000000200028a8        0x7 _build/device_manager_peripheral.o
 *fill*         0x00000000200028af        0x1 
 .bss.m_local_id_info
                0x00000000200028b0       0x17 _build/device_manager_peripheral.o
 .bss.m_module_initialized
                0x00000000200028c7        0x1 _build/device_manager_peripheral.o
 .bss.m_peer_addr_update
                0x00000000200028c8        0x4 _build/device_manager_peripheral.o
 .bss.m_peer_table
                0x00000000200028cc       0xc4 _build/device_manager_peripheral.o
 .bss.m_storage_handle
                0x0000000020002990        0x8 _build/device_manager_peripheral.o
 .bss.m_ble_evt_buffer_size
                0x0000000020002998        0x2 _build/softdevice_handler.o
 *fill*         0x000000002000299a        0x2 
 .bss.m_ble_evt_handler
                0x000000002000299c        0x4 _build/softdevice_handler.o
 .bss.m_evt_schedule_func
                0x00000000200029a0        0x4 _build/softdevice_handler.o
 .bss.m_softdevice_enabled
                0x00000000200029a4        0x1 _build/softdevice_handler.o
 *fill*         0x00000000200029a5        0x3 
 .bss.m_sys_evt_handler
                0x00000000200029a8        0x4 _build/softdevice_handler.o
 .bss.mp_ble_evt_buffer
                0x00000000200029ac        0x4 _build/softdevice_handler.o
 .bss.m_dm_handle
                0x00000000200029b0        0x4 _build/dfu_app_handler.o
 .bss.m_peer_data
                0x00000000200029b4       0x3c _build/dfu_app_handler.o
 .bss.m_is_dfu_service_initialized
                0x00000000200029f0        0x1 _build/ble_dfu.o
 *fill*         0x00000000200029f1        0x3 
 .bss.m_notif_buffer
                0x00000000200029f4        0x7 _build/ble_dfu.o
 *(COMMON)
 *fill*         0x00000000200029fb        0x1 
 COMMON         0x00000000200029fc        0x8 _build/softdevice_handler.o
                0x00000000200029fc                nrf_nvic_state
                0x0000000020002a04                . = ALIGN (0x4)
                0x0000000020002a04                __bss_end__ = .

.heap           0x0000000020002a08      0x800
                0x0000000020002a08                __end__ = .
                0x0000000020002a08                PROVIDE (end, .)
 *(.heap*)
 .heap          0x0000000020002a08      0x800 _build/gcc_startup_nrf51.o
                0x0000000020002a08                __HeapBase
                0x0000000020003208                __HeapLimit = .

.stack_dummy    0x0000000020002a08      0x800
 *(.stack*)
 .stack         0x0000000020002a08      0x800 _build/gcc_startup_nrf51.o
                0x0000000020008000                __StackTop = (ORIGIN (RAM) + LENGTH (RAM))
                0x0000000020007800                __StackLimit = (__StackTop - SIZEOF (.stack_dummy))
                0x0000000020008000                PROVIDE (__stack, __StackTop)
                0x0000000000000001                ASSERT ((__StackLimit >= __HeapLimit), region RAM overflowed with stack)
OUTPUT(_build/nrf51422_xxac_s130.out elf32-littlearm)

.ARM.attributes
                0x0000000000000000       0x28
 .ARM.attributes
                0x0000000000000000       0x1e /usr/lib/gcc/arm-none-eabi/6.1.1/armv6-m/crti.o
 .ARM.attributes
                0x000000000000001e       0x2c /usr/lib/gcc/arm-none-eabi/6.1.1/armv6-m/crtbegin.o
 .ARM.attributes
                0x000000000000004a       0x1b /usr/lib/gcc/arm-none-eabi/6.1.1/../../../../arm-none-eabi/lib/armv6-m/crt0.o
 .ARM.attributes
                0x0000000000000065       0x2c /usr/lib/gcc/arm-none-eabi/6.1.1/../../../../arm-none-eabi/lib/armv6-m/libc_nano.a(lib_a-atexit.o)
 .ARM.attributes
                0x0000000000000091       0x2c /usr/lib/gcc/arm-none-eabi/6.1.1/../../../../arm-none-eabi/lib/armv6-m/libc_nano.a(lib_a-exit.o)
 .ARM.attributes
                0x00000000000000bd       0x2c /usr/lib/gcc/arm-none-eabi/6.1.1/../../../../arm-none-eabi/lib/armv6-m/libc_nano.a(lib_a-fini.o)
 .ARM.attributes
                0x00000000000000e9       0x2c /usr/lib/gcc/arm-none-eabi/6.1.1/../../../../arm-none-eabi/lib/armv6-m/libc_nano.a(lib_a-impure.o)
 .ARM.attributes
                0x0000000000000115       0x2c /usr/lib/gcc/arm-none-eabi/6.1.1/../../../../arm-none-eabi/lib/armv6-m/libc_nano.a(lib_a-init.o)
 .ARM.attributes
                0x0000000000000141       0x2c /usr/lib/gcc/arm-none-eabi/6.1.1/../../../../arm-none-eabi/lib/armv6-m/libc_nano.a(lib_a-memset.o)
 .ARM.attributes
                0x000000000000016d       0x2c /usr/lib/gcc/arm-none-eabi/6.1.1/../../../../arm-none-eabi/lib/armv6-m/libc_nano.a(lib_a-__atexit.o)
 .ARM.attributes
                0x0000000000000199       0x2c /usr/lib/gcc/arm-none-eabi/6.1.1/../../../../arm-none-eabi/lib/armv6-m/libc_nano.a(lib_a-__call_atexit.o)
 .ARM.attributes
                0x00000000000001c5       0x2c /usr/lib/gcc/arm-none-eabi/6.1.1/../../../../arm-none-eabi/lib/armv6-m/libnosys.a(_exit.o)
 .ARM.attributes
                0x00000000000001f1       0x31 _build/app_button.o
 .ARM.attributes
                0x0000000000000222       0x31 _build/app_error.o
 .ARM.attributes
                0x0000000000000253       0x31 _build/app_error_weak.o
 .ARM.attributes
                0x0000000000000284       0x31 _build/app_timer.o
 .ARM.attributes
                0x00000000000002b5       0x31 _build/fstorage.o
 .ARM.attributes
                0x00000000000002e6       0x31 _build/nrf_delay.o
 .ARM.attributes
                0x0000000000000317       0x31 _build/nrf_drv_common.o
 .ARM.attributes
                0x0000000000000348       0x31 _build/nrf_drv_gpiote.o
 .ARM.attributes
                0x0000000000000379       0x31 _build/nrf_drv_uart.o
 .ARM.attributes
                0x00000000000003aa       0x31 _build/pstorage.o
 .ARM.attributes
                0x00000000000003db       0x31 _build/bsp.o
 .ARM.attributes
                0x000000000000040c       0x31 _build/bsp_btn_ble.o
 .ARM.attributes
                0x000000000000043d       0x31 _build/main.o
 .ARM.attributes
                0x000000000000046e       0x31 _build/ble_advdata.o
 .ARM.attributes
                0x000000000000049f       0x31 _build/ble_advertising.o
 .ARM.attributes
                0x00000000000004d0       0x31 _build/ble_conn_params.o
 .ARM.attributes
                0x0000000000000501       0x31 _build/device_manager_peripheral.o
 .ARM.attributes
                0x0000000000000532       0x31 _build/system_nrf51.o
 .ARM.attributes
                0x0000000000000563       0x31 _build/softdevice_handler.o
 .ARM.attributes
                0x0000000000000594       0x31 _build/bootloader_util.o
 .ARM.attributes
                0x00000000000005c5       0x31 _build/dfu_app_handler.o
 .ARM.attributes
                0x00000000000005f6       0x31 _build/ble_dfu.o
 .ARM.attributes
                0x0000000000000627       0x1b _build/gcc_startup_nrf51.o
 .ARM.attributes
                0x0000000000000642       0x1e /usr/lib/gcc/arm-none-eabi/6.1.1/armv6-m/libgcc.a(_udivsi3.o)
 .ARM.attributes
                0x0000000000000660       0x1e /usr/lib/gcc/arm-none-eabi/6.1.1/armv6-m/libgcc.a(_divsi3.o)
 .ARM.attributes
                0x000000000000067e       0x1e /usr/lib/gcc/arm-none-eabi/6.1.1/armv6-m/libgcc.a(_dvmd_tls.o)
 .ARM.attributes
                0x000000000000069c       0x2c /usr/lib/gcc/arm-none-eabi/6.1.1/../../../../arm-none-eabi/lib/armv6-m/libc_nano.a(lib_a-memcmp.o)
 .ARM.attributes
                0x00000000000006c8       0x2c /usr/lib/gcc/arm-none-eabi/6.1.1/../../../../arm-none-eabi/lib/armv6-m/libc_nano.a(lib_a-memcpy-stub.o)
 .ARM.attributes
                0x00000000000006f4       0x1c /usr/lib/gcc/arm-none-eabi/6.1.1/../../../../arm-none-eabi/lib/armv6-m/libc_nano.a(lib_a-strlen.o)
 .ARM.attributes
                0x0000000000000710       0x2c /usr/lib/gcc/arm-none-eabi/6.1.1/../../../../arm-none-eabi/lib/armv6-m/libc_nano.a(lib_a-findfp.o)
 .ARM.attributes
                0x000000000000073c       0x2c /usr/lib/gcc/arm-none-eabi/6.1.1/armv6-m/crtend.o
 .ARM.attributes
                0x0000000000000768       0x1e /usr/lib/gcc/arm-none-eabi/6.1.1/armv6-m/crtn.o

.comment        0x0000000000000000       0x26
 .comment       0x0000000000000000       0x26 _build/app_button.o
                                         0x27 (size before relaxing)
 .comment       0x0000000000000026       0x27 _build/app_error.o
 .comment       0x0000000000000026       0x27 _build/app_error_weak.o
 .comment       0x0000000000000026       0x27 _build/app_timer.o
 .comment       0x0000000000000026       0x27 _build/fstorage.o
 .comment       0x0000000000000026       0x27 _build/nrf_delay.o
 .comment       0x0000000000000026       0x27 _build/nrf_drv_common.o
 .comment       0x0000000000000026       0x27 _build/nrf_drv_gpiote.o
 .comment       0x0000000000000026       0x27 _build/nrf_drv_uart.o
 .comment       0x0000000000000026       0x27 _build/pstorage.o
 .comment       0x0000000000000026       0x27 _build/bsp.o
 .comment       0x0000000000000026       0x27 _build/bsp_btn_ble.o
 .comment       0x0000000000000026       0x27 _build/main.o
 .comment       0x0000000000000026       0x27 _build/ble_advdata.o
 .comment       0x0000000000000026       0x27 _build/ble_advertising.o
 .comment       0x0000000000000026       0x27 _build/ble_conn_params.o
 .comment       0x0000000000000026       0x27 _build/device_manager_peripheral.o
 .comment       0x0000000000000026       0x27 _build/system_nrf51.o
 .comment       0x0000000000000026       0x27 _build/softdevice_handler.o
 .comment       0x0000000000000026       0x27 _build/bootloader_util.o
 .comment       0x0000000000000026       0x27 _build/dfu_app_handler.o
 .comment       0x0000000000000026       0x27 _build/ble_dfu.o

.debug_frame    0x0000000000000000     0x1b50
 .debug_frame   0x0000000000000000       0x28 /usr/lib/gcc/arm-none-eabi/6.1.1/../../../../arm-none-eabi/lib/armv6-m/libc_nano.a(lib_a-atexit.o)
 .debug_frame   0x0000000000000028       0x28 /usr/lib/gcc/arm-none-eabi/6.1.1/../../../../arm-none-eabi/lib/armv6-m/libc_nano.a(lib_a-exit.o)
 .debug_frame   0x0000000000000050       0x2c /usr/lib/gcc/arm-none-eabi/6.1.1/../../../../arm-none-eabi/lib/armv6-m/libc_nano.a(lib_a-fini.o)
 .debug_frame   0x000000000000007c       0x2c /usr/lib/gcc/arm-none-eabi/6.1.1/../../../../arm-none-eabi/lib/armv6-m/libc_nano.a(lib_a-init.o)
 .debug_frame   0x00000000000000a8       0x20 /usr/lib/gcc/arm-none-eabi/6.1.1/../../../../arm-none-eabi/lib/armv6-m/libc_nano.a(lib_a-memset.o)
 .debug_frame   0x00000000000000c8       0x30 /usr/lib/gcc/arm-none-eabi/6.1.1/../../../../arm-none-eabi/lib/armv6-m/libc_nano.a(lib_a-__atexit.o)
 .debug_frame   0x00000000000000f8       0x30 /usr/lib/gcc/arm-none-eabi/6.1.1/../../../../arm-none-eabi/lib/armv6-m/libc_nano.a(lib_a-__call_atexit.o)
 .debug_frame   0x0000000000000128       0x20 /usr/lib/gcc/arm-none-eabi/6.1.1/../../../../arm-none-eabi/lib/armv6-m/libnosys.a(_exit.o)
 .debug_frame   0x0000000000000148       0xd8 _build/app_button.o
 .debug_frame   0x0000000000000220       0x5c _build/app_error.o
 .debug_frame   0x000000000000027c       0x20 _build/app_error_weak.o
 .debug_frame   0x000000000000029c      0x118 _build/app_timer.o
 .debug_frame   0x00000000000003b4      0x120 _build/fstorage.o
 .debug_frame   0x00000000000004d4       0x24 _build/nrf_delay.o
 .debug_frame   0x00000000000004f8       0x30 _build/nrf_drv_common.o
 .debug_frame   0x0000000000000528      0x200 _build/nrf_drv_gpiote.o
 .debug_frame   0x0000000000000728      0x130 _build/nrf_drv_uart.o
 .debug_frame   0x0000000000000858      0x340 _build/pstorage.o
 .debug_frame   0x0000000000000b98      0x148 _build/bsp.o
 .debug_frame   0x0000000000000ce0       0x5c _build/bsp_btn_ble.o
 .debug_frame   0x0000000000000d3c      0x180 _build/main.o
 .debug_frame   0x0000000000000ebc       0xd4 _build/ble_advdata.o
 .debug_frame   0x0000000000000f90      0x104 _build/ble_advertising.o
 .debug_frame   0x0000000000001094       0xf4 _build/ble_conn_params.o
 .debug_frame   0x0000000000001188      0x438 _build/device_manager_peripheral.o
 .debug_frame   0x00000000000015c0       0x30 _build/system_nrf51.o
 .debug_frame   0x00000000000015f0      0x180 _build/softdevice_handler.o
 .debug_frame   0x0000000000001770       0x30 _build/bootloader_util.o
 .debug_frame   0x00000000000017a0       0xb8 _build/dfu_app_handler.o
 .debug_frame   0x0000000000001858      0x124 _build/ble_dfu.o
 .debug_frame   0x000000000000197c       0x20 /usr/lib/gcc/arm-none-eabi/6.1.1/armv6-m/libgcc.a(_udivsi3.o)
 .debug_frame   0x000000000000199c       0x20 /usr/lib/gcc/arm-none-eabi/6.1.1/armv6-m/libgcc.a(_divsi3.o)
 .debug_frame   0x00000000000019bc       0x2c /usr/lib/gcc/arm-none-eabi/6.1.1/../../../../arm-none-eabi/lib/armv6-m/libc_nano.a(lib_a-memcmp.o)
 .debug_frame   0x00000000000019e8       0x28 /usr/lib/gcc/arm-none-eabi/6.1.1/../../../../arm-none-eabi/lib/armv6-m/libc_nano.a(lib_a-memcpy-stub.o)
 .debug_frame   0x0000000000001a10      0x140 /usr/lib/gcc/arm-none-eabi/6.1.1/../../../../arm-none-eabi/lib/armv6-m/libc_nano.a(lib_a-findfp.o)

.debug_info     0x0000000000000000    0x2afde
 .debug_info    0x0000000000000000      0xe00 _build/app_button.o
 .debug_info    0x0000000000000e00      0xb38 _build/app_error.o
 .debug_info    0x0000000000001938      0x9fc _build/app_error_weak.o
 .debug_info    0x0000000000002334     0x23df _build/app_timer.o
 .debug_info    0x0000000000004713     0x1869 _build/fstorage.o
 .debug_info    0x0000000000005f7c      0x913 _build/nrf_delay.o
 .debug_info    0x000000000000688f      0xc65 _build/nrf_drv_common.o
 .debug_info    0x00000000000074f4     0x27df _build/nrf_drv_gpiote.o
 .debug_info    0x0000000000009cd3     0x2d2e _build/nrf_drv_uart.o
 .debug_info    0x000000000000ca01     0x3b28 _build/pstorage.o
 .debug_info    0x0000000000010529     0x1765 _build/bsp.o
 .debug_info    0x0000000000011c8e     0x1f1b _build/bsp_btn_ble.o
 .debug_info    0x0000000000013ba9     0x3f9f _build/main.o
 .debug_info    0x0000000000017b48     0x1d52 _build/ble_advdata.o
 .debug_info    0x000000000001989a     0x2b34 _build/ble_advertising.o
 .debug_info    0x000000000001c3ce     0x2436 _build/ble_conn_params.o
 .debug_info    0x000000000001e804     0x4ae9 _build/device_manager_peripheral.o
 .debug_info    0x00000000000232ed      0x1e5 _build/system_nrf51.o
 .debug_info    0x00000000000234d2     0x283b _build/softdevice_handler.o
 .debug_info    0x0000000000025d0d      0x8e7 _build/bootloader_util.o
 .debug_info    0x00000000000265f4     0x1a93 _build/dfu_app_handler.o
 .debug_info    0x0000000000028087     0x2f57 _build/ble_dfu.o

.debug_abbrev   0x0000000000000000     0x51f4
 .debug_abbrev  0x0000000000000000      0x28f _build/app_button.o
 .debug_abbrev  0x000000000000028f      0x22c _build/app_error.o
 .debug_abbrev  0x00000000000004bb      0x204 _build/app_error_weak.o
 .debug_abbrev  0x00000000000006bf      0x484 _build/app_timer.o
 .debug_abbrev  0x0000000000000b43      0x486 _build/fstorage.o
 .debug_abbrev  0x0000000000000fc9      0x20a _build/nrf_delay.o
 .debug_abbrev  0x00000000000011d3      0x273 _build/nrf_drv_common.o
 .debug_abbrev  0x0000000000001446      0x543 _build/nrf_drv_gpiote.o
 .debug_abbrev  0x0000000000001989      0x48d _build/nrf_drv_uart.o
 .debug_abbrev  0x0000000000001e16      0x4ed _build/pstorage.o
 .debug_abbrev  0x0000000000002303      0x46d _build/bsp.o
 .debug_abbrev  0x0000000000002770      0x37e _build/bsp_btn_ble.o
 .debug_abbrev  0x0000000000002aee      0x4b0 _build/main.o
 .debug_abbrev  0x0000000000002f9e      0x37f _build/ble_advdata.o
 .debug_abbrev  0x000000000000331d      0x508 _build/ble_advertising.o
 .debug_abbrev  0x0000000000003825      0x484 _build/ble_conn_params.o
 .debug_abbrev  0x0000000000003ca9      0x4a2 _build/device_manager_peripheral.o
 .debug_abbrev  0x000000000000414b      0x109 _build/system_nrf51.o
 .debug_abbrev  0x0000000000004254      0x54d _build/softdevice_handler.o
 .debug_abbrev  0x00000000000047a1      0x1d3 _build/bootloader_util.o
 .debug_abbrev  0x0000000000004974      0x42b _build/dfu_app_handler.o
 .debug_abbrev  0x0000000000004d9f      0x455 _build/ble_dfu.o

.debug_loc      0x0000000000000000     0xe7c4
 .debug_loc     0x0000000000000000      0x3e7 _build/app_button.o
 .debug_loc     0x00000000000003e7      0x149 _build/app_error.o
 .debug_loc     0x0000000000000530       0x21 _build/app_error_weak.o
 .debug_loc     0x0000000000000551     0x1163 _build/app_timer.o
 .debug_loc     0x00000000000016b4      0x792 _build/fstorage.o
 .debug_loc     0x0000000000001e46       0x37 _build/nrf_delay.o
 .debug_loc     0x0000000000001e7d       0xa2 _build/nrf_drv_common.o
 .debug_loc     0x0000000000001f1f     0x1f8d _build/nrf_drv_gpiote.o
 .debug_loc     0x0000000000003eac     0x12c4 _build/nrf_drv_uart.o
 .debug_loc     0x0000000000005170     0x2aa6 _build/pstorage.o
 .debug_loc     0x0000000000007c16     0x1424 _build/bsp.o
 .debug_loc     0x000000000000903a      0x1f4 _build/bsp_btn_ble.o
 .debug_loc     0x000000000000922e      0x869 _build/main.o
 .debug_loc     0x0000000000009a97      0xfd0 _build/ble_advdata.o
 .debug_loc     0x000000000000aa67      0x66c _build/ble_advertising.o
 .debug_loc     0x000000000000b0d3      0x346 _build/ble_conn_params.o
 .debug_loc     0x000000000000b419     0x23ff _build/device_manager_peripheral.o
 .debug_loc     0x000000000000d818      0x494 _build/softdevice_handler.o
 .debug_loc     0x000000000000dcac       0x31 _build/bootloader_util.o
 .debug_loc     0x000000000000dcdd      0x36e _build/dfu_app_handler.o
 .debug_loc     0x000000000000e04b      0x779 _build/ble_dfu.o

.debug_aranges  0x0000000000000000      0x920
 .debug_aranges
                0x0000000000000000       0x48 _build/app_button.o
 .debug_aranges
                0x0000000000000048       0x30 _build/app_error.o
 .debug_aranges
                0x0000000000000078       0x20 _build/app_error_weak.o
 .debug_aranges
                0x0000000000000098       0x68 _build/app_timer.o
 .debug_aranges
                0x0000000000000100       0x60 _build/fstorage.o
 .debug_aranges
                0x0000000000000160       0x20 _build/nrf_delay.o
 .debug_aranges
                0x0000000000000180       0x20 _build/nrf_drv_common.o
 .debug_aranges
                0x00000000000001a0       0xb8 _build/nrf_drv_gpiote.o
 .debug_aranges
                0x0000000000000258       0x70 _build/nrf_drv_uart.o
 .debug_aranges
                0x00000000000002c8       0xe0 _build/pstorage.o
 .debug_aranges
                0x00000000000003a8       0x80 _build/bsp.o
 .debug_aranges
                0x0000000000000428       0x30 _build/bsp_btn_ble.o
 .debug_aranges
                0x0000000000000458       0xa0 _build/main.o
 .debug_aranges
                0x00000000000004f8       0x58 _build/ble_advdata.o
 .debug_aranges
                0x0000000000000550       0x68 _build/ble_advertising.o
 .debug_aranges
                0x00000000000005b8       0x68 _build/ble_conn_params.o
 .debug_aranges
                0x0000000000000620      0x148 _build/device_manager_peripheral.o
 .debug_aranges
                0x0000000000000768       0x28 _build/system_nrf51.o
 .debug_aranges
                0x0000000000000790       0xa0 _build/softdevice_handler.o
 .debug_aranges
                0x0000000000000830       0x20 _build/bootloader_util.o
 .debug_aranges
                0x0000000000000850       0x60 _build/dfu_app_handler.o
 .debug_aranges
                0x00000000000008b0       0x70 _build/ble_dfu.o

.debug_ranges   0x0000000000000000     0x31f0
 .debug_ranges  0x0000000000000000       0x80 _build/app_button.o
 .debug_ranges  0x0000000000000080       0x20 _build/app_error.o
 .debug_ranges  0x00000000000000a0       0x10 _build/app_error_weak.o
 .debug_ranges  0x00000000000000b0      0x628 _build/app_timer.o
 .debug_ranges  0x00000000000006d8      0x1e8 _build/fstorage.o
 .debug_ranges  0x00000000000008c0       0x28 _build/nrf_delay.o
 .debug_ranges  0x00000000000008e8       0x28 _build/nrf_drv_common.o
 .debug_ranges  0x0000000000000910      0xa18 _build/nrf_drv_gpiote.o
 .debug_ranges  0x0000000000001328      0x4b0 _build/nrf_drv_uart.o
 .debug_ranges  0x00000000000017d8      0x940 _build/pstorage.o
 .debug_ranges  0x0000000000002118      0x148 _build/bsp.o
 .debug_ranges  0x0000000000002260       0x88 _build/bsp_btn_ble.o
 .debug_ranges  0x00000000000022e8      0x220 _build/main.o
 .debug_ranges  0x0000000000002508      0x150 _build/ble_advdata.o
 .debug_ranges  0x0000000000002658      0x1b0 _build/ble_advertising.o
 .debug_ranges  0x0000000000002808       0xb8 _build/ble_conn_params.o
 .debug_ranges  0x00000000000028c0      0x4e0 _build/device_manager_peripheral.o
 .debug_ranges  0x0000000000002da0       0x68 _build/system_nrf51.o
 .debug_ranges  0x0000000000002e08      0x158 _build/softdevice_handler.o
 .debug_ranges  0x0000000000002f60       0x10 _build/bootloader_util.o
 .debug_ranges  0x0000000000002f70      0x160 _build/dfu_app_handler.o
 .debug_ranges  0x00000000000030d0      0x120 _build/ble_dfu.o

.debug_macro    0x0000000000000000    0x10865
 .debug_macro   0x0000000000000000      0x319 _build/app_button.o
 .debug_macro   0x0000000000000319      0x8bc _build/app_button.o
 .debug_macro   0x0000000000000bd5       0x22 _build/app_button.o
 .debug_macro   0x0000000000000bf7       0x87 _build/app_button.o
 .debug_macro   0x0000000000000c7e       0x44 _build/app_button.o
 .debug_macro   0x0000000000000cc2       0xfd _build/app_button.o
 .debug_macro   0x0000000000000dbf       0x5e _build/app_button.o
 .debug_macro   0x0000000000000e1d      0x1df _build/app_button.o
 .debug_macro   0x0000000000000ffc       0x22 _build/app_button.o
 .debug_macro   0x000000000000101e       0x1c _build/app_button.o
 .debug_macro   0x000000000000103a       0x22 _build/app_button.o
 .debug_macro   0x000000000000105c       0x3a _build/app_button.o
 .debug_macro   0x0000000000001096       0x26 _build/app_button.o
 .debug_macro   0x00000000000010bc      0x30d _build/app_button.o
 .debug_macro   0x00000000000013c9      0x1d2 _build/app_button.o
 .debug_macro   0x000000000000159b     0x745a _build/app_button.o
 .debug_macro   0x00000000000089f5      0x976 _build/app_button.o
 .debug_macro   0x000000000000936b       0x1c _build/app_button.o
 .debug_macro   0x0000000000009387       0x52 _build/app_button.o
 .debug_macro   0x00000000000093d9       0x35 _build/app_button.o
 .debug_macro   0x000000000000940e       0x9c _build/app_button.o
 .debug_macro   0x00000000000094aa       0x16 _build/app_button.o
 .debug_macro   0x00000000000094c0       0x97 _build/app_button.o
 .debug_macro   0x0000000000009557      0x330 _build/app_button.o
 .debug_macro   0x0000000000009887       0xf6 _build/app_button.o
 .debug_macro   0x000000000000997d       0x10 _build/app_button.o
 .debug_macro   0x000000000000998d       0x52 _build/app_button.o
 .debug_macro   0x00000000000099df       0x1f _build/app_button.o
 .debug_macro   0x00000000000099fe       0x43 _build/app_button.o
 .debug_macro   0x0000000000009a41       0x20 _build/app_button.o
 .debug_macro   0x0000000000009a61      0x187 _build/app_button.o
 .debug_macro   0x0000000000009be8       0x10 _build/app_button.o
 .debug_macro   0x0000000000009bf8       0x1c _build/app_button.o
 .debug_macro   0x0000000000009c14       0x52 _build/app_button.o
 .debug_macro   0x0000000000009c66       0x40 _build/app_button.o
 .debug_macro   0x0000000000009ca6       0x10 _build/app_button.o
 .debug_macro   0x0000000000009cb6       0x40 _build/app_button.o
 .debug_macro   0x0000000000009cf6       0xd7 _build/app_button.o
 .debug_macro   0x0000000000009dcd       0x16 _build/app_button.o
 .debug_macro   0x0000000000009de3      0x189 _build/app_button.o
 .debug_macro   0x0000000000009f6c       0x9a _build/app_button.o
 .debug_macro   0x000000000000a006       0x70 _build/app_button.o
 .debug_macro   0x000000000000a076      0x11e _build/app_button.o
 .debug_macro   0x000000000000a194       0x52 _build/app_button.o
 .debug_macro   0x000000000000a1e6       0x67 _build/app_button.o
 .debug_macro   0x000000000000a24d       0xfb _build/app_button.o
 .debug_macro   0x000000000000a348       0x2b _build/app_button.o
 .debug_macro   0x000000000000a373       0x10 _build/app_button.o
 .debug_macro   0x000000000000a383       0x1c _build/app_button.o
 .debug_macro   0x000000000000a39f       0x47 _build/app_button.o
 .debug_macro   0x000000000000a3e6       0x11 _build/app_button.o
 .debug_macro   0x000000000000a3f7      0x17c _build/app_button.o
 .debug_macro   0x000000000000a573       0x2e _build/app_button.o
 .debug_macro   0x000000000000a5a1       0x16 _build/app_button.o
 .debug_macro   0x000000000000a5b7       0x35 _build/app_button.o
 .debug_macro   0x000000000000a5ec       0x22 _build/app_button.o
 .debug_macro   0x000000000000a60e       0x37 _build/app_button.o
 .debug_macro   0x000000000000a645      0x27d _build/app_error.o
 .debug_macro   0x000000000000a8c2       0x34 _build/app_error.o
 .debug_macro   0x000000000000a8f6      0x277 _build/app_error_weak.o
 .debug_macro   0x000000000000ab6d      0x3a1 _build/app_timer.o
 .debug_macro   0x000000000000af0e       0x41 _build/app_timer.o
 .debug_macro   0x000000000000af4f       0x16 _build/app_timer.o
 .debug_macro   0x000000000000af65       0x16 _build/app_timer.o
 .debug_macro   0x000000000000af7b       0x29 _build/app_timer.o
 .debug_macro   0x000000000000afa4       0x16 _build/app_timer.o
 .debug_macro   0x000000000000afba       0x40 _build/app_timer.o
 .debug_macro   0x000000000000affa       0x64 _build/app_timer.o
 .debug_macro   0x000000000000b05e       0x22 _build/app_timer.o
 .debug_macro   0x000000000000b080       0x5b _build/app_timer.o
 .debug_macro   0x000000000000b0db       0x16 _build/app_timer.o
 .debug_macro   0x000000000000b0f1      0x1e9 _build/fstorage.o
 .debug_macro   0x000000000000b2da       0x52 _build/fstorage.o
 .debug_macro   0x000000000000b32c       0x1c _build/fstorage.o
 .debug_macro   0x000000000000b348       0x47 _build/fstorage.o
 .debug_macro   0x000000000000b38f      0x16d _build/fstorage.o
 .debug_macro   0x000000000000b4fc       0x10 _build/fstorage.o
 .debug_macro   0x000000000000b50c      0x217 _build/nrf_delay.o
 .debug_macro   0x000000000000b723      0x2fa _build/nrf_drv_common.o
 .debug_macro   0x000000000000ba1d      0x34a _build/nrf_drv_gpiote.o
 .debug_macro   0x000000000000bd67       0x10 _build/nrf_drv_gpiote.o
 .debug_macro   0x000000000000bd77      0x344 _build/nrf_drv_uart.o
 .debug_macro   0x000000000000c0bb      0x37f _build/pstorage.o
 .debug_macro   0x000000000000c43a       0x46 _build/pstorage.o
 .debug_macro   0x000000000000c480       0x1c _build/pstorage.o
 .debug_macro   0x000000000000c49c      0x10e _build/pstorage.o
 .debug_macro   0x000000000000c5aa       0x86 _build/pstorage.o
 .debug_macro   0x000000000000c630      0x32e _build/bsp.o
 .debug_macro   0x000000000000c95e      0x389 _build/bsp_btn_ble.o
 .debug_macro   0x000000000000cce7       0xd6 _build/bsp_btn_ble.o
 .debug_macro   0x000000000000cdbd      0x1fb _build/bsp_btn_ble.o
 .debug_macro   0x000000000000cfb8      0x3f4 _build/bsp_btn_ble.o
 .debug_macro   0x000000000000d3ac       0x3a _build/bsp_btn_ble.o
 .debug_macro   0x000000000000d3e6       0x22 _build/bsp_btn_ble.o
 .debug_macro   0x000000000000d408      0x201 _build/bsp_btn_ble.o
 .debug_macro   0x000000000000d609       0x1c _build/bsp_btn_ble.o
 .debug_macro   0x000000000000d625       0xdb _build/bsp_btn_ble.o
 .debug_macro   0x000000000000d700       0x24 _build/bsp_btn_ble.o
 .debug_macro   0x000000000000d724      0x584 _build/main.o
 .debug_macro   0x000000000000dca8       0xa6 _build/main.o
 .debug_macro   0x000000000000dd4e      0x2ca _build/main.o
 .debug_macro   0x000000000000e018       0xbe _build/main.o
 .debug_macro   0x000000000000e0d6       0x40 _build/main.o
 .debug_macro   0x000000000000e116       0x46 _build/main.o
 .debug_macro   0x000000000000e15c       0x1c _build/main.o
 .debug_macro   0x000000000000e178       0x8e _build/main.o
 .debug_macro   0x000000000000e206       0x16 _build/main.o
 .debug_macro   0x000000000000e21c       0x10 _build/main.o
 .debug_macro   0x000000000000e22c      0x401 _build/main.o
 .debug_macro   0x000000000000e62d       0x22 _build/main.o
 .debug_macro   0x000000000000e64f       0x28 _build/main.o
 .debug_macro   0x000000000000e677       0x98 _build/main.o
 .debug_macro   0x000000000000e70f       0x4c _build/main.o
 .debug_macro   0x000000000000e75b       0x1c _build/main.o
 .debug_macro   0x000000000000e777       0x22 _build/main.o
 .debug_macro   0x000000000000e799       0x22 _build/main.o
 .debug_macro   0x000000000000e7bb       0x16 _build/main.o
 .debug_macro   0x000000000000e7d1       0x10 _build/main.o
 .debug_macro   0x000000000000e7e1      0x27f _build/ble_advdata.o
 .debug_macro   0x000000000000ea60       0xb8 _build/ble_advdata.o
 .debug_macro   0x000000000000eb18      0x2cd _build/ble_advertising.o
 .debug_macro   0x000000000000ede5      0x35c _build/ble_conn_params.o
 .debug_macro   0x000000000000f141      0x50f _build/device_manager_peripheral.o
 .debug_macro   0x000000000000f650       0x16 _build/device_manager_peripheral.o
 .debug_macro   0x000000000000f666       0xdf _build/system_nrf51.o
 .debug_macro   0x000000000000f745      0x42f _build/softdevice_handler.o
 .debug_macro   0x000000000000fb74       0x10 _build/softdevice_handler.o
 .debug_macro   0x000000000000fb84      0x3fa _build/softdevice_handler.o
 .debug_macro   0x000000000000ff7e       0x40 _build/softdevice_handler.o
 .debug_macro   0x000000000000ffbe       0x10 _build/softdevice_handler.o
 .debug_macro   0x000000000000ffce      0x124 _build/bootloader_util.o
 .debug_macro   0x00000000000100f2      0x3e9 _build/dfu_app_handler.o
 .debug_macro   0x00000000000104db       0xd5 _build/dfu_app_handler.o
 .debug_macro   0x00000000000105b0       0x10 _build/dfu_app_handler.o
 .debug_macro   0x00000000000105c0      0x2a5 _build/ble_dfu.o

.debug_line     0x0000000000000000     0xbefd
 .debug_line    0x0000000000000000      0x7a7 _build/app_button.o
 .debug_line    0x00000000000007a7      0x4c9 _build/app_error.o
 .debug_line    0x0000000000000c70      0x48c _build/app_error_weak.o
 .debug_line    0x00000000000010fc      0xaed _build/app_timer.o
 .debug_line    0x0000000000001be9      0x73c _build/fstorage.o
 .debug_line    0x0000000000002325      0x3e3 _build/nrf_delay.o
 .debug_line    0x0000000000002708      0x62d _build/nrf_drv_common.o
 .debug_line    0x0000000000002d35      0xf10 _build/nrf_drv_gpiote.o
 .debug_line    0x0000000000003c45      0xbeb _build/nrf_drv_uart.o
 .debug_line    0x0000000000004830     0x10f0 _build/pstorage.o
 .debug_line    0x0000000000005920      0x992 _build/bsp.o
 .debug_line    0x00000000000062b2      0x67f _build/bsp_btn_ble.o
 .debug_line    0x0000000000006931      0xda5 _build/main.o
 .debug_line    0x00000000000076d6      0x769 _build/ble_advdata.o
 .debug_line    0x0000000000007e3f      0x96e _build/ble_advertising.o
 .debug_line    0x00000000000087ad      0x735 _build/ble_conn_params.o
 .debug_line    0x0000000000008ee2     0x1117 _build/device_manager_peripheral.o
 .debug_line    0x0000000000009ff9      0x2c4 _build/system_nrf51.o
 .debug_line    0x000000000000a2bd      0x94b _build/softdevice_handler.o
 .debug_line    0x000000000000ac08      0x232 _build/bootloader_util.o
 .debug_line    0x000000000000ae3a      0x8c2 _build/dfu_app_handler.o
 .debug_line    0x000000000000b6fc      0x801 _build/ble_dfu.o

.debug_str      0x0000000000000000    0x4bf27
 .debug_str     0x0000000000000000    0x35e62 _build/app_button.o
                                      0x361b5 (size before relaxing)
 .debug_str     0x0000000000035e62      0x13e _build/app_error.o
                                      0x34d0c (size before relaxing)
 .debug_str     0x0000000000035fa0       0x99 _build/app_error_weak.o
                                      0x34c4a (size before relaxing)
 .debug_str     0x0000000000036039     0x1776 _build/app_timer.o
                                      0x36b68 (size before relaxing)
 .debug_str     0x00000000000377af     0x1100 _build/fstorage.o
                                      0x33cbd (size before relaxing)
 .debug_str     0x00000000000388af       0x60 _build/nrf_delay.o
                                      0x3324d (size before relaxing)
 .debug_str     0x000000000003890f       0x9e _build/nrf_drv_common.o
                                      0x35e5c (size before relaxing)
 .debug_str     0x00000000000389ad      0xc36 _build/nrf_drv_gpiote.o
                                      0x37182 (size before relaxing)
 .debug_str     0x00000000000395e3      0xc95 _build/nrf_drv_uart.o
                                      0x36f30 (size before relaxing)
 .debug_str     0x000000000003a278     0x11d3 _build/pstorage.o
                                      0x36cb1 (size before relaxing)
 .debug_str     0x000000000003b44b     0x197b _build/bsp.o
                                      0x36afd (size before relaxing)
 .debug_str     0x000000000003cdc6     0x4ce8 _build/bsp_btn_ble.o
                                      0x3ad8b (size before relaxing)
 .debug_str     0x0000000000041aae     0x72da _build/main.o
                                      0x43390 (size before relaxing)
 .debug_str     0x0000000000048d88      0x48a _build/ble_advdata.o
                                      0x393d8 (size before relaxing)
 .debug_str     0x0000000000049212      0x3ce _build/ble_advertising.o
                                      0x3a90c (size before relaxing)
 .debug_str     0x00000000000495e0      0x29c _build/ble_conn_params.o
                                      0x3b8a7 (size before relaxing)
 .debug_str     0x000000000004987c     0x15e1 _build/device_manager_peripheral.o
                                      0x3c454 (size before relaxing)
 .debug_str     0x000000000004ae5d      0x12b _build/system_nrf51.o
                                      0x2f350 (size before relaxing)
 .debug_str     0x000000000004af88      0x524 _build/softdevice_handler.o
                                      0x3ebe3 (size before relaxing)
 .debug_str     0x000000000004b4ac       0x98 _build/bootloader_util.o
                                       0x62bc (size before relaxing)
 .debug_str     0x000000000004b544      0x3bf _build/dfu_app_handler.o
                                      0x3be5b (size before relaxing)
 .debug_str     0x000000000004b903      0x624 _build/ble_dfu.o
                                      0x39eb0 (size before relaxing)

.stabstr        0x0000000000000000       0xe3
 .stabstr       0x0000000000000000       0xe3 /usr/lib/gcc/arm-none-eabi/6.1.1/../../../../arm-none-eabi/lib/armv6-m/libnosys.a(close.o)
